handle-callback-err.ts[1, 14]: Expected error to be handled
