
no-constant-condition.ts[1, 5]: unexpected constant condition
