
no-inner-declarations.ts[4, 20]: block is empty
no-inner-declarations.ts[4, 3]: move function declaration to program root
