trailing-comma.ts[3, 7]: Unnecessary trailing comma
